// Jest Snapshot v1, https://goo.gl/fbAQLP

exports[`Check MeScreen loading correctly 1`] = `
<RCTSafeAreaView
  emulateUnlessSupported={true}
  style={
    Array [
      Object {
        "flexBasis": "0%",
        "flexGrow": 1,
        "flexShrink": 1,
      },
      Object {
        "backgroundColor": "#C6C4FF",
      },
    ]
  }
>
  <View
    style={
      Array [
        Object {
          "justifyContent": "center",
        },
        Object {
          "alignItems": "center",
        },
        Object {
          "flexBasis": "0%",
          "flexGrow": 1,
          "flexShrink": 1,
        },
      ]
    }
  >
    <ActivityIndicator
      color="#6B4EFF"
      size="large"
    />
    <Text
      style={
        Array [
          Object {
            "textAlign": "center",
          },
        ]
      }
    >
      Loading Profile
    </Text>
  </View>
  <View
    style={
      Array [
        Object {
          "marginTop": "auto",
        },
        Object {
          "paddingBottom": 12,
          "paddingTop": 12,
        },
      ]
    }
  >
    <View
      style={
        Array [
          Object {
            "alignItems": "center",
          },
          Object {
            "paddingBottom": 12,
            "paddingTop": 12,
          },
        ]
      }
    >
      <View
        accessible={true}
        collapsable={false}
        focusable={true}
        onClick={[Function]}
        onResponderGrant={[Function]}
        onResponderMove={[Function]}
        onResponderRelease={[Function]}
        onResponderTerminate={[Function]}
        onResponderTerminationRequest={[Function]}
        onStartShouldSetResponder={[Function]}
        style={
          Object {
            "backgroundColor": "#6B4EFF",
            "borderBottomLeftRadius": 9999,
            "borderBottomRightRadius": 9999,
            "borderTopLeftRadius": 9999,
            "borderTopRightRadius": 9999,
            "height": 32,
            "justifyContent": "space-between",
            "marginLeft": 6,
            "marginRight": 6,
            "opacity": 1,
            "width": 176,
          }
        }
      >
        <View
          style={
            Array [
              Object {
                "flexDirection": "row",
              },
              Object {
                "justifyContent": "center",
              },
            ]
          }
        >
          <View
            style={
              Array [
                Object {
                  "paddingTop": 8,
                },
              ]
            }
          >
            <Text />
          </View>
          <View
            style={
              Array [
                Object {
                  "paddingTop": 4,
                },
              ]
            }
          >
            <Text
              style={
                Array [
                  Object {
                    "color": "#fff",
                  },
                  Object {
                    "fontSize": 14,
                    "lineHeight": 20,
                  },
                  Object {
                    "textAlign": "center",
                  },
                  Object {
                    "marginLeft": 20,
                  },
                ]
              }
            >
              Share my profile
            </Text>
          </View>
        </View>
      </View>
    </View>
  </View>
  <Modal
    animationType="none"
    deviceHeight={null}
    deviceWidth={null}
    hardwareAccelerated={false}
    hideModalContentWhileAnimating={false}
    onBackdropPress={[Function]}
    onModalHide={[Function]}
    onModalWillHide={[Function]}
    onModalWillShow={[Function]}
    onRequestClose={[Function]}
    panResponderThreshold={4}
    scrollHorizontal={false}
    scrollOffset={0}
    scrollOffsetMax={0}
    scrollTo={null}
    statusBarTranslucent={false}
    supportedOrientations={
      Array [
        "portrait",
        "landscape",
      ]
    }
    swipeThreshold={100}
    transparent={true}
    visible={false}
  />
  <Modal
    animationType="none"
    deviceHeight={null}
    deviceWidth={null}
    hardwareAccelerated={false}
    hideModalContentWhileAnimating={false}
    onBackdropPress={[Function]}
    onModalHide={[Function]}
    onModalWillHide={[Function]}
    onModalWillShow={[Function]}
    onRequestClose={[Function]}
    panResponderThreshold={4}
    scrollHorizontal={false}
    scrollOffset={0}
    scrollOffsetMax={0}
    scrollTo={null}
    statusBarTranslucent={false}
    supportedOrientations={
      Array [
        "portrait",
        "landscape",
      ]
    }
    swipeThreshold={100}
    transparent={true}
    visible={false}
  />
  <Modal
    animationType="none"
    deviceHeight={null}
    deviceWidth={null}
    hardwareAccelerated={false}
    hideModalContentWhileAnimating={false}
    onBackdropPress={[Function]}
    onModalHide={[Function]}
    onModalWillHide={[Function]}
    onModalWillShow={[Function]}
    onRequestClose={[Function]}
    panResponderThreshold={4}
    scrollHorizontal={false}
    scrollOffset={0}
    scrollOffsetMax={0}
    scrollTo={null}
    statusBarTranslucent={false}
    supportedOrientations={
      Array [
        "portrait",
        "landscape",
      ]
    }
    swipeThreshold={100}
    transparent={true}
    visible={false}
  />
</RCTSafeAreaView>
`;
